====================================================================
  FunSearch-SINDy — Project 2
  DR Dengue · Fixed-Split Island Evolution (train 2015-19 | val 2020-21 | test 2022-23)
====================================================================

── Loading seir_features.csv …
   14,848 rows  |  32 provinces
   Split: train=2015–2019  val=2020–2021  test=2022–2023
── Loading m1_summary.csv (SINDy M1 baseline) …
   32 province equations
   SINDy mean test R² (all 32 provinces): 0.3910

════════════════════════════════════════════════════════════════════
  ISLAND A_coastal  (13 provinces)
════════════════════════════════════════════════════════════════════
  Seed terms (union of SINDy M1): 30
  SINDy baseline  train=0.6467  val=0.5955  test=0.3875

  ── Final equation ────────────────────────────────────────────────
  dI/dt = 0.8796 rolling_incidence_4wk  - 0.6444 incidence_lag2  - 0.1718 incidence_lag4  - 0.0569 incidence_lag1 temp_lag4  + 0.0543 incidence_lag1 EIP  + 0.0525 temp_lag4 rolling_incidence_4wk  - 0.0520 incidence_lag2 week_cos  - 0.0245 week_cos  - 0.0149 week_sin  - 0.0091 EIP incidence_lag4

  Metric                        FunSearch   SINDy M1        Δ
  ──────────────────────────────────────────────────────────
  R²  train (2015–2019)            0.6748     0.6467  +0.0281
  R²  val   (2020–2021)            0.6526     0.5955  +0.0571
  R²  test  (2022–2023)            0.5277     0.3875  +0.1403
  Spectral  train                  0.8754          —
  Spectral  val  (2020–2021)       0.8813          —
  Spectral  test (2022–2023)       0.8261          —

  ── Per-province R² breakdown ──────────────────────────────────────
  Province                       FS_tr    FS_v   FS_te    S_tr     S_v    S_te   Δtest   Spec_te
  ───────────────────────────────────────────────────────────────────────────────────────────────
  Santo Domingo                  0.656   0.575   0.422   0.752   0.574   0.637  -0.215     0.827
  Distrito Nacional              0.660   0.756   0.413   0.689   0.728   0.258  +0.155     0.757
  La Vega                        0.639   0.594   0.486   0.756   0.683   0.383  +0.103     0.880
  Barahona                       0.621   0.708   0.616   0.672   0.785   0.544  +0.072     0.696
  Duarte                         0.732   0.565   0.566   0.480   0.536   0.492  +0.074     0.871
  Sánchez Ramírez                0.659   0.594   0.472   0.760   0.648   0.420  +0.051     0.835
  La Altagracia                  0.713   0.608   0.516   0.531   0.595   0.195  +0.320     0.716
  San Juan                       0.678   0.664   0.654   0.702   0.674   0.704  -0.050     0.891
  Monseñor Nouel                 0.689   0.703   0.453   0.582   0.561  -0.097  +0.550     0.839
  San José de Ocoa               0.722   0.721   0.590   0.718   0.653   0.255  +0.336     0.867
  Hato Mayor                     0.658   0.554   0.414   0.666   0.132   0.607  -0.193     0.945
  Samaná                         0.670   0.675   0.667   0.556   0.609   0.546  +0.121     0.864
  Baoruco                        0.677   0.768   0.591   0.542   0.562   0.093  +0.498     0.753
  ───────────────────────────────────────────────────────────────────────────────────────────────
  MEAN                           0.675   0.653   0.528   0.647   0.595   0.387  +0.140     0.826

════════════════════════════════════════════════════════════════════
  ISLAND B_inland  (19 provinces)
════════════════════════════════════════════════════════════════════
  Seed terms (union of SINDy M1): 4
  SINDy baseline  train=0.6124  val=0.6566  test=0.3935

  ── Final equation ────────────────────────────────────────────────
  dI/dt = 2.1117 rolling_incidence_4wk  - 1.4402 incidence_lag1  - 0.3525 incidence_lag2  - 0.1072 incidence_lag4  - 0.0235 rolling_incidence_4wk week_sin  - 0.0078 rainfall_lag3 week_sin  - 0.0031 avg_humidity incidence_lag2  + 0.0018 rainfall_lag3 incidence_lag2  - 0.0012 incidence_lag1 rainfall_lag3

  Metric                        FunSearch   SINDy M1        Δ
  ──────────────────────────────────────────────────────────
  R²  train (2015–2019)            0.6726     0.6124  +0.0602
  R²  val   (2020–2021)            0.6970     0.6566  +0.0403
  R²  test  (2022–2023)            0.5515     0.3935  +0.1581
  Spectral  train                  0.8394          —
  Spectral  val  (2020–2021)       0.9029          —
  Spectral  test (2022–2023)       0.9301          —

  ── Per-province R² breakdown ──────────────────────────────────────
  Province                       FS_tr    FS_v   FS_te    S_tr     S_v    S_te   Δtest   Spec_te
  ───────────────────────────────────────────────────────────────────────────────────────────────
  Santiago                       0.581   0.702   0.528   0.682   0.728   0.674  -0.147     0.891
  San Cristóbal                  0.593   0.750   0.441   0.566   0.796   0.395  +0.046     0.946
  Puerto Plata                   0.693   0.691   0.539   0.674   0.717   0.483  +0.055     0.931
  Monte Cristi                   0.733   0.773   0.617   0.741   0.680   0.536  +0.081     0.868
  Monte Plata                    0.688   0.769   0.585   0.531   0.600   0.331  +0.254     0.970
  Pedernales                     0.738   0.644   0.747   0.585   0.680   0.697  +0.050     0.871
  Elías Piña                     0.662   0.568   0.444   0.531   0.563  -0.134  +0.579     0.959
  Azua                           0.649   0.665   0.704   0.564   0.673   0.390  +0.314     0.903
  Dajabón                        0.637   0.741   0.671   0.655   0.771   0.675  -0.004     0.926
  El Seibo                       0.692   0.717   0.605   0.546   0.638   0.260  +0.345     0.961
  Espaillat                      0.651   0.675   0.357   0.643   0.578   0.302  +0.055     0.932
  Independencia                  0.733   0.644   0.612   0.668   0.707   0.362  +0.250     0.930
  La Romana                      0.568   0.716   0.398   0.543   0.683   0.430  -0.032     0.950
  María Trinidad Sánchez         0.678   0.631   0.618   0.636   0.720   0.498  +0.120     0.933
  Peravia                        0.696   0.687   0.542   0.554   0.606   0.298  +0.244     0.902
  Hermanas Mirabal               0.719   0.737   0.528   0.715   0.595   0.393  +0.135     0.964
  San Pedro de Macorís           0.653   0.758   0.421   0.700   0.570   0.546  -0.125     0.959
  Santiago Rodríguez             0.723   0.749   0.532   0.629   0.525   0.061  +0.471     0.927
  Valverde                       0.693   0.625   0.591   0.472   0.645   0.279  +0.312     0.948
  ───────────────────────────────────────────────────────────────────────────────────────────────
  MEAN                           0.673   0.697   0.552   0.612   0.657   0.393  +0.158     0.930

════════════════════════════════════════════════════════════════════
  Saving outputs …
  → funsearch/results/best_equations.csv
  → funsearch/results/fitness_history.csv
  → funsearch/results/province_breakdown.csv
  → funsearch/results/final_summary.csv
  → funsearch/results/run_funsearch.log

════════════════════════════════════════════════════════════════════
  MASTER SUMMARY  (simple mean across provinces)
════════════════════════════════════════════════════════════════════
  Island         Terms   FS_train   FS_val  FS_test   Sp_val  Sp_test    S_test       Δ
  ──────────────────────────────────────────────────────────────────────────────────────────
  A_coastal         10     0.6748   0.6526   0.5277   0.8813   0.8261    0.3875 +0.1403 ▲
  B_inland           9     0.6726   0.6970   0.5515   0.9029   0.9301    0.3935 +0.1581 ▲

  Runtime: 1.7s  |  Done.
